// Jest Snapshot v1, https://goo.gl/fbAQLP

exports[`Button Component renders an empty button 1`] = `
<button
  class="button default outlined primary"
>
  <div
    class="content"
  />
  <div
    class="sc-bcXHqe fjPWgU"
    color="#fff"
  />
</button>
`;
