// Jest Snapshot v1, https://goo.gl/fbAQLP

exports[`Button Component renders an empty button 1`] = `
<button
  class="sc-bcXHqe knhseT"
>
  <div />
  <div
    class="sc-gswNZR jFVfHn"
    color="#fff"
  />
</button>
`;
