// Jest Snapshot v1, https://goo.gl/fbAQLP

exports[`Text component renders the inside text 1`] = `
<span
  class="sc-bcXHqe jyJnfJ"
>
  TEST
</span>
`;
