// Jest Snapshot v1, https://goo.gl/fbAQLP

exports[`Input Component renders without crashing 1`] = `
<input
  autocomplete="off"
  class="sc-bcXHqe kQWMzn"
  placeholder="test"
  type="text"
  value=""
/>
`;
